<?xml version="1.0" encoding="UTF-8" standalone="yes"?>

<!--
Copyright 2023 Contributors to the Shapeshifter project

SPDX-License-Identifier: Apache-2.0
-->

<FlexOffer ExpirationDateTime="2021-10-29T10:30:00Z" FlexRequestMessageID="d3ae4836-55b1-4084-b54e-34107b22648c" ContractID="20210001" D-PrognosisMessageID="33d2d355-428d-4f42-a17b-4f63506efb3d"
  BaselineReference="" Currency="EUR" ISP-Duration="PT15M" TimeZone="Europe/Amsterdam" Period="2021-10-30" CongestionPoint="ea1.2009-01.nl.enexis.usef:123-TP-bundel-congestiepunt" Version="3.0.0"
  SenderDomain="aggregator.org" RecipientDomain="uftp.dso.nl" TimeStamp="2021-10-29T06:54:36.8868538Z" MessageID="338ed243-5517-4400-962e-2b7b812c468c"
  ConversationID="48cdc3d2-56c0-436c-8d5a-6f6cc3dc538d">
  <OfferOption OptionReference="ba40a5f8-849b-4fe6-958f-e628a1653558" Price="0">
    <ISP Power="0" Start="1"/>
    <ISP Power="0" Start="2"/>
    <ISP Power="0" Start="3"/>
    <ISP Power="0" Start="4"/>
    <ISP Power="0" Start="5"/>
    <ISP Power="0" Start="6"/>
    <ISP Power="0" Start="7"/>
    <ISP Power="0" Start="8"/>
    <ISP Power="0" Start="9"/>
    <ISP Power="0" Start="10"/>
    <ISP Power="0" Start="11"/>
    <ISP Power="0" Start="12"/>
    <ISP Power="0" Start="13"/>
    <ISP Power="0" Start="14"/>
    <ISP Power="0" Start="15"/>
    <ISP Power="0" Start="16"/>
    <ISP Power="0" Start="17"/>
    <ISP Power="0" Start="18"/>
    <ISP Power="0" Start="19"/>
    <ISP Power="0" Start="20"/>
    <ISP Power="0" Start="21"/>
    <ISP Power="0" Start="22"/>
    <ISP Power="0" Start="23"/>
    <ISP Power="0" Start="24"/>
    <ISP Power="0" Start="25"/>
    <ISP Power="0" Start="26"/>
    <ISP Power="0" Start="27"/>
    <ISP Power="0" Start="28"/>
    <ISP Power="0" Start="29"/>
    <ISP Power="0" Start="30"/>
    <ISP Power="0" Start="31"/>
    <ISP Power="0" Start="32"/>
    <ISP Power="0" Start="33"/>
    <ISP Power="0" Start="34"/>
    <ISP Power="0" Start="35"/>
    <ISP Power="0" Start="36"/>
    <ISP Power="0" Start="37"/>
    <ISP Power="0" Start="38"/>
    <ISP Power="0" Start="39"/>
    <ISP Power="0" Start="40"/>
    <ISP Power="0" Start="41"/>
    <ISP Power="0" Start="42"/>
    <ISP Power="0" Start="43"/>
    <ISP Power="0" Start="44"/>
    <ISP Power="0" Start="45"/>
    <ISP Power="2" Start="46"/>
    <ISP Power="2" Start="47"/>
    <ISP Power="2" Start="48"/>
    <ISP Power="2" Start="49"/>
    <ISP Power="2" Start="50"/>
    <ISP Power="2" Start="51"/>
    <ISP Power="4" Start="52"/>
    <ISP Power="7" Start="53"/>
    <ISP Power="10" Start="54"/>
    <ISP Power="13" Start="55"/>
    <ISP Power="13" Start="56"/>
    <ISP Power="14" Start="57"/>
    <ISP Power="14" Start="58"/>
    <ISP Power="14" Start="59"/>
    <ISP Power="12" Start="60"/>
    <ISP Power="11" Start="61"/>
    <ISP Power="0" Start="62"/>
    <ISP Power="0" Start="63"/>
    <ISP Power="0" Start="64"/>
    <ISP Power="0" Start="65"/>
    <ISP Power="0" Start="66"/>
    <ISP Power="0" Start="67"/>
    <ISP Power="0" Start="68"/>
    <ISP Power="0" Start="69"/>
    <ISP Power="0" Start="70"/>
    <ISP Power="0" Start="71"/>
    <ISP Power="0" Start="72"/>
    <ISP Power="0" Start="73"/>
    <ISP Power="0" Start="74"/>
    <ISP Power="0" Start="75"/>
    <ISP Power="0" Start="76"/>
    <ISP Power="0" Start="77"/>
    <ISP Power="0" Start="78"/>
    <ISP Power="0" Start="79"/>
    <ISP Power="0" Start="80"/>
    <ISP Power="0" Start="81"/>
    <ISP Power="0" Start="82"/>
    <ISP Power="0" Start="83"/>
    <ISP Power="0" Start="84"/>
    <ISP Power="0" Start="85"/>
    <ISP Power="0" Start="86"/>
    <ISP Power="0" Start="87"/>
    <ISP Power="0" Start="88"/>
    <ISP Power="0" Start="89"/>
    <ISP Power="0" Start="90"/>
    <ISP Power="0" Start="91"/>
    <ISP Power="0" Start="92"/>
    <ISP Power="0" Start="93"/>
    <ISP Power="0" Start="94"/>
    <ISP Power="0" Start="95"/>
    <ISP Power="0" Start="96"/>
  </OfferOption>
</FlexOffer>
