<?xml version="1.0" encoding="UTF-8" standalone="yes"?>

<!--
Copyright 2023 Contributors to the Shapeshifter project

SPDX-License-Identifier: Apache-2.0
-->

<FlexOrder FlexOfferMessageID="338ed243-5517-4400-962e-2b7b812c468c" ContractID="202100001" Price="0" Currency="EUR" OrderReference="None" ActivationFactor="1" ISP-Duration="PT15M"
  TimeZone="Europe/Amsterdam" Period="2021-10-30" CongestionPoint="ea1.2009-01.nl.enexis.usef:123-TP-bundel-congestiepunt" Version="3.0.0" SenderDomain="uftp.dso.nl" RecipientDomain="aggregator.org"
  TimeStamp="2021-10-29T06:55:36.518Z" MessageID="dc0f19c4-3835-4753-8f0c-0319d6642fbb" ConversationID="48cdc3d2-56c0-436c-8d5a-6f6cc3dc538d">
  <ISP Power="0" Start="1" Duration="1"/>
  <ISP Power="0" Start="2" Duration="1"/>
  <ISP Power="0" Start="3" Duration="1"/>
  <ISP Power="0" Start="4" Duration="1"/>
  <ISP Power="0" Start="5" Duration="1"/>
  <ISP Power="0" Start="6" Duration="1"/>
  <ISP Power="0" Start="7" Duration="1"/>
  <ISP Power="0" Start="8" Duration="1"/>
  <ISP Power="0" Start="9" Duration="1"/>
  <ISP Power="0" Start="10" Duration="1"/>
  <ISP Power="0" Start="11" Duration="1"/>
  <ISP Power="0" Start="12" Duration="1"/>
  <ISP Power="0" Start="13" Duration="1"/>
  <ISP Power="0" Start="14" Duration="1"/>
  <ISP Power="0" Start="15" Duration="1"/>
  <ISP Power="0" Start="16" Duration="1"/>
  <ISP Power="0" Start="17" Duration="1"/>
  <ISP Power="0" Start="18" Duration="1"/>
  <ISP Power="0" Start="19" Duration="1"/>
  <ISP Power="0" Start="20" Duration="1"/>
  <ISP Power="0" Start="21" Duration="1"/>
  <ISP Power="0" Start="22" Duration="1"/>
  <ISP Power="0" Start="23" Duration="1"/>
  <ISP Power="0" Start="24" Duration="1"/>
  <ISP Power="0" Start="25" Duration="1"/>
  <ISP Power="0" Start="26" Duration="1"/>
  <ISP Power="0" Start="27" Duration="1"/>
  <ISP Power="0" Start="28" Duration="1"/>
  <ISP Power="0" Start="29" Duration="1"/>
  <ISP Power="0" Start="30" Duration="1"/>
  <ISP Power="0" Start="31" Duration="1"/>
  <ISP Power="0" Start="32" Duration="1"/>
  <ISP Power="0" Start="33" Duration="1"/>
  <ISP Power="0" Start="34" Duration="1"/>
  <ISP Power="0" Start="35" Duration="1"/>
  <ISP Power="0" Start="36" Duration="1"/>
  <ISP Power="0" Start="37" Duration="1"/>
  <ISP Power="0" Start="38" Duration="1"/>
  <ISP Power="0" Start="39" Duration="1"/>
  <ISP Power="0" Start="40" Duration="1"/>
  <ISP Power="0" Start="41" Duration="1"/>
  <ISP Power="0" Start="42" Duration="1"/>
  <ISP Power="0" Start="43" Duration="1"/>
  <ISP Power="0" Start="44" Duration="1"/>
  <ISP Power="0" Start="45" Duration="1"/>
  <ISP Power="2" Start="46" Duration="1"/>
  <ISP Power="2" Start="47" Duration="1"/>
  <ISP Power="2" Start="48" Duration="1"/>
  <ISP Power="2" Start="49" Duration="1"/>
  <ISP Power="2" Start="50" Duration="1"/>
  <ISP Power="2" Start="51" Duration="1"/>
  <ISP Power="4" Start="52" Duration="1"/>
  <ISP Power="7" Start="53" Duration="1"/>
  <ISP Power="10" Start="54" Duration="1"/>
  <ISP Power="13" Start="55" Duration="1"/>
  <ISP Power="13" Start="56" Duration="1"/>
  <ISP Power="14" Start="57" Duration="1"/>
  <ISP Power="14" Start="58" Duration="1"/>
  <ISP Power="14" Start="59" Duration="1"/>
  <ISP Power="12" Start="60" Duration="1"/>
  <ISP Power="11" Start="61" Duration="1"/>
  <ISP Power="0" Start="62" Duration="1"/>
  <ISP Power="0" Start="63" Duration="1"/>
  <ISP Power="0" Start="64" Duration="1"/>
  <ISP Power="0" Start="65" Duration="1"/>
  <ISP Power="0" Start="66" Duration="1"/>
  <ISP Power="0" Start="67" Duration="1"/>
  <ISP Power="0" Start="68" Duration="1"/>
  <ISP Power="0" Start="69" Duration="1"/>
  <ISP Power="0" Start="70" Duration="1"/>
  <ISP Power="0" Start="71" Duration="1"/>
  <ISP Power="0" Start="72" Duration="1"/>
  <ISP Power="0" Start="73" Duration="1"/>
  <ISP Power="0" Start="74" Duration="1"/>
  <ISP Power="0" Start="75" Duration="1"/>
  <ISP Power="0" Start="76" Duration="1"/>
  <ISP Power="0" Start="77" Duration="1"/>
  <ISP Power="0" Start="78" Duration="1"/>
  <ISP Power="0" Start="79" Duration="1"/>
  <ISP Power="0" Start="80" Duration="1"/>
  <ISP Power="0" Start="81" Duration="1"/>
  <ISP Power="0" Start="82" Duration="1"/>
  <ISP Power="0" Start="83" Duration="1"/>
  <ISP Power="0" Start="84" Duration="1"/>
  <ISP Power="0" Start="85" Duration="1"/>
  <ISP Power="0" Start="86" Duration="1"/>
  <ISP Power="0" Start="87" Duration="1"/>
  <ISP Power="0" Start="88" Duration="1"/>
  <ISP Power="0" Start="89" Duration="1"/>
  <ISP Power="0" Start="90" Duration="1"/>
  <ISP Power="0" Start="91" Duration="1"/>
  <ISP Power="0" Start="92" Duration="1"/>
  <ISP Power="0" Start="93" Duration="1"/>
  <ISP Power="0" Start="94" Duration="1"/>
  <ISP Power="0" Start="95" Duration="1"/>
  <ISP Power="0" Start="96" Duration="1"/>
</FlexOrder>
