<?xml version="1.0" encoding="UTF-8" standalone="yes"?>

<!--
Copyright 2023 Contributors to the Shapeshifter project

SPDX-License-Identifier: Apache-2.0
-->

<FlexRequestResponse FlexRequestMessageID="d3ae4836-55b1-4084-b54e-34107b22648c" Result="Accepted" RejectionReason="" Version="3.0.0" SenderDomain="aggregator.org" RecipientDomain="uftp.dso.nl"
  TimeStamp="2021-10-29T06:54:36.4437962Z" MessageID="7f0f4e68-f842-4b92-911e-b26f85525067" ConversationID="48cdc3d2-56c0-436c-8d5a-6f6cc3dc538d"/>
