<?xml version="1.0" encoding="UTF-8" standalone="yes"?>

<!--
Copyright 2023 Contributors to the Shapeshifter project

SPDX-License-Identifier: Apache-2.0
-->

<SignedMessage SenderDomain="piet.nl" SenderRole="AGR" Body="ZGl0IGlzIGVlbiBub2cKIGdlZW4gdGVrc3Q="/>